// Jest Snapshot v1, https://goo.gl/fbAQLP

exports[`Pruebas en GifItem component should match with snapshot 1`] = `
<div>
  <div
    class="card"
  >
    <img
      alt="Saitama"
      src="https://picsum.photos/200"
    />
    <p>
      Saitama
    </p>
  </div>
</div>
`;
